// This file is auto-generated by @hey-api/openapi-ts

import type { Options } from '@hey-api/client-fetch';
import { queryOptions, type MutationOptions } from '@tanstack/solid-query';
import type { ParentModelWithDatesError, ParentModelWithDatesResponse, ModelWithDatesError, ModelWithDatesResponse, ModelWithDatesArrayError, ModelWithDatesArrayResponse, ArrayOfDatesError, ArrayOfDatesResponse, DateError, DateResponse, MultipleResponsesError, MultipleResponsesResponse } from '../types.gen';
import { parentModelWithDates, modelWithDates, modelWithDatesArray, arrayOfDates, date, multipleResponses } from '../services.gen';

type QueryKey<TOptions extends Options> = [
    {
        infinite?: boolean;
        params: Pick<TOptions, "body" | "headers" | "path" | "query">;
        scope: string;
    }
];

const createQueryKeyParams = <TOptions extends Options>(options?: TOptions): QueryKey<TOptions>[0]["params"] => {
    const params: QueryKey<TOptions>[0]["params"] = {} as QueryKey<TOptions>[0]["params"];
    if (options?.body) {
        params.body = options.body;
    }
    if (options?.headers) {
        params.headers = options.headers;
    }
    if (options?.path) {
        params.path = options.path;
    }
    if (options?.query) {
        params.query = options.query;
    }
    return params;
};

export const parentModelWithDatesOptions = (options?: Options) => { return queryOptions({
    queryFn: async ({ queryKey }) => {
        const { data } = await parentModelWithDates({
            ...options,
            ...queryKey[0].params,
            throwOnError: true
        });
        return data;
    },
    queryKey: [
        {
            params: createQueryKeyParams(options),
            scope: 'parentModelWithDates'
        }
    ]
}); };

export const parentModelWithDatesMutation: MutationOptions<ParentModelWithDatesResponse, ParentModelWithDatesError, Options> = {
    mutationFn: async (options) => {
        const { data } = await parentModelWithDates({
            ...options,
            throwOnError: true
        });
        return data;
    }
};

export const modelWithDatesMutation: MutationOptions<ModelWithDatesResponse, ModelWithDatesError, Options> = {
    mutationFn: async (options) => {
        const { data } = await modelWithDates({
            ...options,
            throwOnError: true
        });
        return data;
    }
};

export const modelWithDatesArrayMutation: MutationOptions<ModelWithDatesArrayResponse, ModelWithDatesArrayError, Options> = {
    mutationFn: async (options) => {
        const { data } = await modelWithDatesArray({
            ...options,
            throwOnError: true
        });
        return data;
    }
};

export const arrayOfDatesMutation: MutationOptions<ArrayOfDatesResponse, ArrayOfDatesError, Options> = {
    mutationFn: async (options) => {
        const { data } = await arrayOfDates({
            ...options,
            throwOnError: true
        });
        return data;
    }
};

export const dateMutation: MutationOptions<DateResponse, DateError, Options> = {
    mutationFn: async (options) => {
        const { data } = await date({
            ...options,
            throwOnError: true
        });
        return data;
    }
};

export const multipleResponsesMutation: MutationOptions<MultipleResponsesResponse, MultipleResponsesError, Options> = {
    mutationFn: async (options) => {
        const { data } = await multipleResponses({
            ...options,
            throwOnError: true
        });
        return data;
    }
};