// This file is auto-generated by @hey-api/openapi-ts

import { client, type Options } from '@hey-api/client-axios';
import { type ModelWithDatesError, ModelWithDatesResponse, type ModelWithDatesArrayError, ModelWithDatesArrayResponse, type ArrayOfDatesError, type ArrayOfDatesResponse, type DateError, type DateResponse, type MultipleResponsesError, type MultipleResponsesResponse } from './types.gen';

export const modelWithDates = (options?: Options) => { return (options?.client ?? client).put<ModelWithDatesResponse, ModelWithDatesError>({
    ...options,
    url: '/api/model-with-dates',
    responseTransformer: ModelWithDatesResponse
}); };

export const modelWithDatesArray = (options?: Options) => { return (options?.client ?? client).put<ModelWithDatesArrayResponse, ModelWithDatesArrayError>({
    ...options,
    url: '/api/model-with-dates-array',
    responseTransformer: ModelWithDatesArrayResponse
}); };

export const arrayOfDates = (options?: Options) => { return (options?.client ?? client).put<ArrayOfDatesResponse, ArrayOfDatesError>({
    ...options,
    url: '/api/array-of-dates'
}); };

export const date = (options?: Options) => { return (options?.client ?? client).put<DateResponse, DateError>({
    ...options,
    url: '/api/date'
}); };

export const multipleResponses = (options?: Options) => { return (options?.client ?? client).put<MultipleResponsesResponse, MultipleResponsesError>({
    ...options,
    url: '/api/multiple-responses'
}); };