export { client, createClient } from './core/';
export type { Client, Config, Options, RequestResult } from './core/types';
export {
  formDataBodySerializer,
  jsonBodySerializer,
  urlSearchParamsBodySerializer,
} from './core/utils';
