// This file is auto-generated by @hey-api/openapi-ts

import { createClient, createConfig, type Options } from '@hey-api/client-fetch';
import { type ParentModelWithDatesError, type ParentModelWithDatesResponse, type ModelWithDatesError, type ModelWithDatesResponse, type ModelWithDatesArrayError, type ModelWithDatesArrayResponse, type ArrayOfDatesError, type ArrayOfDatesResponse, type DateError, type DateResponse, type MultipleResponsesError, type MultipleResponsesResponse, ParentModelWithDatesResponseTransformer, ModelWithDatesResponseTransformer, ModelWithDatesArrayResponseTransformer } from './types.gen';

export const client = createClient(createConfig());

export class DefaultService {
    public static parentModelWithDates<ThrowOnError extends boolean = false>(options?: Options<unknown, ThrowOnError>) {
        return (options?.client ?? client).post<ThrowOnError, ParentModelWithDatesResponse, ParentModelWithDatesError>({
            ...options,
            url: '/api/model-with-dates',
            responseTransformer: ParentModelWithDatesResponseTransformer
        });
    }
    
    public static modelWithDates<ThrowOnError extends boolean = false>(options?: Options<unknown, ThrowOnError>) {
        return (options?.client ?? client).put<ThrowOnError, ModelWithDatesResponse, ModelWithDatesError>({
            ...options,
            url: '/api/model-with-dates',
            responseTransformer: ModelWithDatesResponseTransformer
        });
    }
    
    public static modelWithDatesArray<ThrowOnError extends boolean = false>(options?: Options<unknown, ThrowOnError>) {
        return (options?.client ?? client).put<ThrowOnError, ModelWithDatesArrayResponse, ModelWithDatesArrayError>({
            ...options,
            url: '/api/model-with-dates-array',
            responseTransformer: ModelWithDatesArrayResponseTransformer
        });
    }
    
    public static arrayOfDates<ThrowOnError extends boolean = false>(options?: Options<unknown, ThrowOnError>) {
        return (options?.client ?? client).put<ThrowOnError, ArrayOfDatesResponse, ArrayOfDatesError>({
            ...options,
            url: '/api/array-of-dates'
        });
    }
    
    public static date<ThrowOnError extends boolean = false>(options?: Options<unknown, ThrowOnError>) {
        return (options?.client ?? client).put<ThrowOnError, DateResponse, DateError>({
            ...options,
            url: '/api/date'
        });
    }
    
    public static multipleResponses<ThrowOnError extends boolean = false>(options?: Options<unknown, ThrowOnError>) {
        return (options?.client ?? client).put<ThrowOnError, MultipleResponsesResponse, MultipleResponsesError>({
            ...options,
            url: '/api/multiple-responses'
        });
    }
    
}