// This file is auto-generated by @hey-api/openapi-ts

export const $ModelWithDates = {
    description: 'This is a model that contains a some dates',
    type: 'object',
    required: ['id', 'name', 'enabled', 'modified'],
    properties: {
        id: {
            type: 'number'
        },
        name: {
            maxLength: 255,
            type: 'string'
        },
        enabled: {
            type: 'boolean',
            readOnly: true
        },
        modified: {
            type: 'string',
            format: 'date-time',
            readOnly: true
        },
        expires: {
            type: 'string',
            format: 'date',
            readOnly: true
        }
    }
} as const;

export const $ParentModelWithDates = {
    description: 'This is a model that contains a some dates and arrays',
    type: 'object',
    required: ['id', 'name'],
    properties: {
        id: {
            type: 'number'
        },
        modified: {
            type: 'string',
            format: 'date-time',
            readOnly: true
        },
        items: {
            type: 'array',
            items: {
                '$ref': '#/components/schemas/ModelWithDates'
            }
        },
        dates: {
            type: 'array',
            items: {
                type: 'string',
                format: 'date-time'
            }
        },
        strings: {
            type: 'array',
            items: {
                type: 'string'
            }
        }
    }
} as const;