// This file is auto-generated by @hey-api/openapi-ts

import { Injectable } from '@angular/core';
import { HttpClient } from '@angular/common/http';
import type { Observable } from 'rxjs';
import { OpenAPI } from './core/OpenAPI';
import { request as __request } from './core/request';
import { ModelWithDatesResponse, ModelWithDatesArrayResponse, type ArrayOfDatesResponse, type DateResponse } from './types.gen';

@Injectable({
    providedIn: 'root'
})
export class DefaultService {
    constructor(public readonly http: HttpClient) { }
    
    /**
     * @returns ModelWithDates Success
     * @throws ApiError
     */
    public modelWithDates(): Observable<ModelWithDatesResponse> {
        return __request(OpenAPI, this.http, {
            method: 'PUT',
            url: '/api/model-with-dates',
            responseTransformer: ModelWithDatesResponse
        });
    }
    
    /**
     * @returns ModelWithDates Success
     * @throws ApiError
     */
    public modelWithDatesArray(): Observable<ModelWithDatesArrayResponse> {
        return __request(OpenAPI, this.http, {
            method: 'PUT',
            url: '/api/model-with-dates-array',
            responseTransformer: ModelWithDatesArrayResponse
        });
    }
    
    /**
     * @returns string Success
     * @throws ApiError
     */
    public arrayOfDates(): Observable<ArrayOfDatesResponse> {
        return __request(OpenAPI, this.http, {
            method: 'PUT',
            url: '/api/array-of-dates'
        });
    }
    
    /**
     * @returns string Success
     * @throws ApiError
     */
    public date(): Observable<DateResponse> {
        return __request(OpenAPI, this.http, {
            method: 'PUT',
            url: '/api/date'
        });
    }
    
}