export type { ModelWithPattern } from './ModelWithPattern';
