import { Injectable } from '@angular/core';
import { HttpClient } from '@angular/common/http';
import type { Observable } from 'rxjs';

import { OpenAPI } from '../core/OpenAPI';
import { request as __request } from '../core/request';

export type TDataTestErrorCode = {
    /**
     * Status code to return
     */
    status: number;
};

@Injectable({
    providedIn: 'root',
})
export class ErrorService {
    constructor(public readonly http: HttpClient) {}

    /**
     * @returns any Custom message: Successful response
     * @throws ApiError
     */
    public testErrorCode(data: TDataTestErrorCode): Observable<any> {
        const { status } = data;
        return __request(OpenAPI, this.http, {
            method: 'POST',
            url: '/api/v{api-version}/error',
            query: {
                status,
            },
            errors: {
                500: `Custom message: Internal Server Error`,
                501: `Custom message: Not Implemented`,
                502: `Custom message: Bad Gateway`,
                503: `Custom message: Service Unavailable`,
            },
        });
    }
}
