import { Injectable } from '@angular/core';
import { HttpClient } from '@angular/common/http';
import type { Observable } from 'rxjs';

import { OpenAPI } from '../core/OpenAPI';
import { request as __request } from '../core/request';

export type TDataUploadFile = {
    /**
     * Supply a file reference for upload
     */
    file: Blob;
};

@Injectable({
    providedIn: 'root',
})
export class UploadService {
    constructor(public readonly http: HttpClient) {}

    /**
     * @returns boolean
     * @throws ApiError
     */
    public uploadFile(data: TDataUploadFile): Observable<boolean> {
        const { file } = data;
        return __request(OpenAPI, this.http, {
            method: 'POST',
            url: '/api/v{api-version}/upload',
            formData: {
                file,
            },
        });
    }
}
