import type { CancelablePromise } from '../core/CancelablePromise';
import { OpenAPI } from '../core/OpenAPI';
import { request as __request } from '../core/request';

export type TDataFileResponse = {
    id: string;

    query?: {};
};

export class FileResponseService {
    /**
     * @returns binary Success
     * @throws ApiError
     */
    public static fileResponse(data: TDataFileResponse): CancelablePromise<Blob | File> {
        const { query, id } = data;
        return __request(OpenAPI, {
            method: 'GET',
            url: '/api/v{api-version}/file/{id}',
            path: {},
        });
    }
}
