import type { ModelWithString } from '../models';
import type { CancelablePromise } from '../core/CancelablePromise';
import { OpenAPI } from '../core/OpenAPI';
import { request as __request } from '../core/request';

export type TDataPostApiFormData = {
    /**
     * A reusable request body
     */
    formData?: ModelWithString;

    query?: {
        /**
         * This is a reusable parameter
         */
        parameter?: string;
    };
};

export class FormDataService {
    /**
     * @throws ApiError
     */
    public static postApiFormData(data: TDataPostApiFormData = {}): CancelablePromise<void> {
        const { query, formData } = data;
        return __request(OpenAPI, {
            method: 'POST',
            url: '/api/v{api-version}/formData/',
            query: {
                ...query,
            },
            formData: formData,
            mediaType: 'multipart/form-data',
        });
    }
}
