import type { CancelablePromise } from '../core/CancelablePromise';
import { OpenAPI } from '../core/OpenAPI';
import { request as __request } from '../core/request';

export type TDataUploadFile = {
    /**
     * Supply a file reference for upload
     */
    file: Blob | File;

    query?: {};
};

export class UploadService {
    /**
     * @returns boolean
     * @throws ApiError
     */
    public static uploadFile(data: TDataUploadFile): CancelablePromise<boolean> {
        const { query, file } = data;
        return __request(OpenAPI, {
            method: 'POST',
            url: '/api/v{api-version}/upload',
            formData: {},
        });
    }
}
