export type ModelWithNestedArrayEnumsDataBar = 'baz' | 'qux';
