// This file is auto-generated by @hey-api/openapi-ts

import type { Options } from '@hey-api/client-fetch';
import { queryOptions } from '@tanstack/react-query';
import { export_, import_, apiVVersionOdataControllerCount, getCallWithoutParametersAndResponse, putCallWithoutParametersAndResponse, postCallWithoutParametersAndResponse, deleteCallWithoutParametersAndResponse, optionsCallWithoutParametersAndResponse, headCallWithoutParametersAndResponse, patchCallWithoutParametersAndResponse, deleteFoo, callWithDescriptions, deprecatedCall, callWithParameters, callWithWeirdParameterNames, getCallWithOptionalParam, postCallWithOptionalParam, postApiVbyApiVersionRequestBody, postApiVbyApiVersionFormData, callWithDefaultParameters, callWithDefaultOptionalParameters, callToTestOrderOfParams, duplicateName, duplicateName1, duplicateName2, duplicateName3, callWithNoContentResponse, callWithResponseAndNoContentResponse, dummyA, dummyB, callWithResponse, callWithDuplicateResponses, callWithResponses, collectionFormat, types, uploadFile, fileResponse, complexTypes, multipartRequest, multipartResponse, complexParams, callWithResultFromHeader, testErrorCode, nonAsciiæøåÆøÅöôêÊ字符串, putWithFormUrlEncoded } from '../services.gen';
import type { ImportData, DeleteFooData3, CallWithDescriptionsData, DeprecatedCallData, CallWithParametersData, CallWithWeirdParameterNamesData, GetCallWithOptionalParamData, PostCallWithOptionalParamData, PostApiVbyApiVersionRequestBodyData, PostApiVbyApiVersionFormDataData, CallWithDefaultParametersData, CallWithDefaultOptionalParametersData, CallToTestOrderOfParamsData, CollectionFormatData, TypesData, UploadFileData, FileResponseData, ComplexTypesData, MultipartRequestData, ComplexParamsData, TestErrorCodeData, NonAsciiæøåÆøÅöôêÊ字符串Data, PutWithFormUrlEncodedData } from '../types.gen';

export const exportOptions = (options?: Options) => { return queryOptions({
    queryFn: async ({ queryKey }) => {
        const { data } = await export_({
            ...options,
            ...queryKey[0].params,
            throwOnError: true
        });
        return data;
    },
    queryKey: [
        {
            scope: 'export',
            params: {
                body: options?.body,
                headers: options?.headers,
                path: options?.path,
                query: options?.query
            }
        }
    ]
}); };

export const importOptions = (options: Options<ImportData>) => { return queryOptions({
    queryFn: async ({ queryKey }) => {
        const { data } = await import_({
            ...options,
            ...queryKey[0].params,
            throwOnError: true
        });
        return data;
    },
    queryKey: [
        {
            scope: 'import',
            params: {
                body: options.body,
                headers: options.headers,
                path: options.path,
                query: options.query
            }
        }
    ]
}); };

export const apiVVersionOdataControllerCountOptions = (options?: Options) => { return queryOptions({
    queryFn: async ({ queryKey }) => {
        const { data } = await apiVVersionOdataControllerCount({
            ...options,
            ...queryKey[0].params,
            throwOnError: true
        });
        return data;
    },
    queryKey: [
        {
            scope: 'apiVVersionOdataControllerCount',
            params: {
                body: options?.body,
                headers: options?.headers,
                path: options?.path,
                query: options?.query
            }
        }
    ]
}); };

export const getCallWithoutParametersAndResponseOptions = (options?: Options) => { return queryOptions({
    queryFn: async ({ queryKey }) => {
        const { data } = await getCallWithoutParametersAndResponse({
            ...options,
            ...queryKey[0].params,
            throwOnError: true
        });
        return data;
    },
    queryKey: [
        {
            scope: 'getCallWithoutParametersAndResponse',
            params: {
                body: options?.body,
                headers: options?.headers,
                path: options?.path,
                query: options?.query
            }
        }
    ]
}); };

export const putCallWithoutParametersAndResponseOptions = (options?: Options) => { return queryOptions({
    queryFn: async ({ queryKey }) => {
        const { data } = await putCallWithoutParametersAndResponse({
            ...options,
            ...queryKey[0].params,
            throwOnError: true
        });
        return data;
    },
    queryKey: [
        {
            scope: 'putCallWithoutParametersAndResponse',
            params: {
                body: options?.body,
                headers: options?.headers,
                path: options?.path,
                query: options?.query
            }
        }
    ]
}); };

export const postCallWithoutParametersAndResponseOptions = (options?: Options) => { return queryOptions({
    queryFn: async ({ queryKey }) => {
        const { data } = await postCallWithoutParametersAndResponse({
            ...options,
            ...queryKey[0].params,
            throwOnError: true
        });
        return data;
    },
    queryKey: [
        {
            scope: 'postCallWithoutParametersAndResponse',
            params: {
                body: options?.body,
                headers: options?.headers,
                path: options?.path,
                query: options?.query
            }
        }
    ]
}); };

export const deleteCallWithoutParametersAndResponseOptions = (options?: Options) => { return queryOptions({
    queryFn: async ({ queryKey }) => {
        const { data } = await deleteCallWithoutParametersAndResponse({
            ...options,
            ...queryKey[0].params,
            throwOnError: true
        });
        return data;
    },
    queryKey: [
        {
            scope: 'deleteCallWithoutParametersAndResponse',
            params: {
                body: options?.body,
                headers: options?.headers,
                path: options?.path,
                query: options?.query
            }
        }
    ]
}); };

export const optionsCallWithoutParametersAndResponseOptions = (options?: Options) => { return queryOptions({
    queryFn: async ({ queryKey }) => {
        const { data } = await optionsCallWithoutParametersAndResponse({
            ...options,
            ...queryKey[0].params,
            throwOnError: true
        });
        return data;
    },
    queryKey: [
        {
            scope: 'optionsCallWithoutParametersAndResponse',
            params: {
                body: options?.body,
                headers: options?.headers,
                path: options?.path,
                query: options?.query
            }
        }
    ]
}); };

export const headCallWithoutParametersAndResponseOptions = (options?: Options) => { return queryOptions({
    queryFn: async ({ queryKey }) => {
        const { data } = await headCallWithoutParametersAndResponse({
            ...options,
            ...queryKey[0].params,
            throwOnError: true
        });
        return data;
    },
    queryKey: [
        {
            scope: 'headCallWithoutParametersAndResponse',
            params: {
                body: options?.body,
                headers: options?.headers,
                path: options?.path,
                query: options?.query
            }
        }
    ]
}); };

export const patchCallWithoutParametersAndResponseOptions = (options?: Options) => { return queryOptions({
    queryFn: async ({ queryKey }) => {
        const { data } = await patchCallWithoutParametersAndResponse({
            ...options,
            ...queryKey[0].params,
            throwOnError: true
        });
        return data;
    },
    queryKey: [
        {
            scope: 'patchCallWithoutParametersAndResponse',
            params: {
                body: options?.body,
                headers: options?.headers,
                path: options?.path,
                query: options?.query
            }
        }
    ]
}); };

export const deleteFooOptions = (options: Options<DeleteFooData3>) => { return queryOptions({
    queryFn: async ({ queryKey }) => {
        const { data } = await deleteFoo({
            ...options,
            ...queryKey[0].params,
            throwOnError: true
        });
        return data;
    },
    queryKey: [
        {
            scope: 'deleteFoo',
            params: {
                body: options.body,
                headers: options.headers,
                path: options.path,
                query: options.query
            }
        }
    ]
}); };

export const callWithDescriptionsOptions = (options?: Options<CallWithDescriptionsData>) => { return queryOptions({
    queryFn: async ({ queryKey }) => {
        const { data } = await callWithDescriptions({
            ...options,
            ...queryKey[0].params,
            throwOnError: true
        });
        return data;
    },
    queryKey: [
        {
            scope: 'callWithDescriptions',
            params: {
                body: options?.body,
                headers: options?.headers,
                path: options?.path,
                query: options?.query
            }
        }
    ]
}); };

export const deprecatedCallOptions = (options: Options<DeprecatedCallData>) => { return queryOptions({
    queryFn: async ({ queryKey }) => {
        const { data } = await deprecatedCall({
            ...options,
            ...queryKey[0].params,
            throwOnError: true
        });
        return data;
    },
    queryKey: [
        {
            scope: 'deprecatedCall',
            params: {
                body: options.body,
                headers: options.headers,
                path: options.path,
                query: options.query
            }
        }
    ]
}); };

export const callWithParametersOptions = (options: Options<CallWithParametersData>) => { return queryOptions({
    queryFn: async ({ queryKey }) => {
        const { data } = await callWithParameters({
            ...options,
            ...queryKey[0].params,
            throwOnError: true
        });
        return data;
    },
    queryKey: [
        {
            scope: 'callWithParameters',
            params: {
                body: options.body,
                headers: options.headers,
                path: options.path,
                query: options.query
            }
        }
    ]
}); };

export const callWithWeirdParameterNamesOptions = (options: Options<CallWithWeirdParameterNamesData>) => { return queryOptions({
    queryFn: async ({ queryKey }) => {
        const { data } = await callWithWeirdParameterNames({
            ...options,
            ...queryKey[0].params,
            throwOnError: true
        });
        return data;
    },
    queryKey: [
        {
            scope: 'callWithWeirdParameterNames',
            params: {
                body: options.body,
                headers: options.headers,
                path: options.path,
                query: options.query
            }
        }
    ]
}); };

export const getCallWithOptionalParamOptions = (options: Options<GetCallWithOptionalParamData>) => { return queryOptions({
    queryFn: async ({ queryKey }) => {
        const { data } = await getCallWithOptionalParam({
            ...options,
            ...queryKey[0].params,
            throwOnError: true
        });
        return data;
    },
    queryKey: [
        {
            scope: 'getCallWithOptionalParam',
            params: {
                body: options.body,
                headers: options.headers,
                path: options.path,
                query: options.query
            }
        }
    ]
}); };

export const postCallWithOptionalParamOptions = (options: Options<PostCallWithOptionalParamData>) => { return queryOptions({
    queryFn: async ({ queryKey }) => {
        const { data } = await postCallWithOptionalParam({
            ...options,
            ...queryKey[0].params,
            throwOnError: true
        });
        return data;
    },
    queryKey: [
        {
            scope: 'postCallWithOptionalParam',
            params: {
                body: options.body,
                headers: options.headers,
                path: options.path,
                query: options.query
            }
        }
    ]
}); };

export const postApiVbyApiVersionRequestBodyOptions = (options?: Options<PostApiVbyApiVersionRequestBodyData>) => { return queryOptions({
    queryFn: async ({ queryKey }) => {
        const { data } = await postApiVbyApiVersionRequestBody({
            ...options,
            ...queryKey[0].params,
            throwOnError: true
        });
        return data;
    },
    queryKey: [
        {
            scope: 'postApiVbyApiVersionRequestBody',
            params: {
                body: options?.body,
                headers: options?.headers,
                path: options?.path,
                query: options?.query
            }
        }
    ]
}); };

export const postApiVbyApiVersionFormDataOptions = (options?: Options<PostApiVbyApiVersionFormDataData>) => { return queryOptions({
    queryFn: async ({ queryKey }) => {
        const { data } = await postApiVbyApiVersionFormData({
            ...options,
            ...queryKey[0].params,
            throwOnError: true
        });
        return data;
    },
    queryKey: [
        {
            scope: 'postApiVbyApiVersionFormData',
            params: {
                body: options?.body,
                headers: options?.headers,
                path: options?.path,
                query: options?.query
            }
        }
    ]
}); };

export const callWithDefaultParametersOptions = (options?: Options<CallWithDefaultParametersData>) => { return queryOptions({
    queryFn: async ({ queryKey }) => {
        const { data } = await callWithDefaultParameters({
            ...options,
            ...queryKey[0].params,
            throwOnError: true
        });
        return data;
    },
    queryKey: [
        {
            scope: 'callWithDefaultParameters',
            params: {
                body: options?.body,
                headers: options?.headers,
                path: options?.path,
                query: options?.query
            }
        }
    ]
}); };

export const callWithDefaultOptionalParametersOptions = (options?: Options<CallWithDefaultOptionalParametersData>) => { return queryOptions({
    queryFn: async ({ queryKey }) => {
        const { data } = await callWithDefaultOptionalParameters({
            ...options,
            ...queryKey[0].params,
            throwOnError: true
        });
        return data;
    },
    queryKey: [
        {
            scope: 'callWithDefaultOptionalParameters',
            params: {
                body: options?.body,
                headers: options?.headers,
                path: options?.path,
                query: options?.query
            }
        }
    ]
}); };

export const callToTestOrderOfParamsOptions = (options: Options<CallToTestOrderOfParamsData>) => { return queryOptions({
    queryFn: async ({ queryKey }) => {
        const { data } = await callToTestOrderOfParams({
            ...options,
            ...queryKey[0].params,
            throwOnError: true
        });
        return data;
    },
    queryKey: [
        {
            scope: 'callToTestOrderOfParams',
            params: {
                body: options.body,
                headers: options.headers,
                path: options.path,
                query: options.query
            }
        }
    ]
}); };

export const duplicateNameOptions = (options?: Options) => { return queryOptions({
    queryFn: async ({ queryKey }) => {
        const { data } = await duplicateName({
            ...options,
            ...queryKey[0].params,
            throwOnError: true
        });
        return data;
    },
    queryKey: [
        {
            scope: 'duplicateName',
            params: {
                body: options?.body,
                headers: options?.headers,
                path: options?.path,
                query: options?.query
            }
        }
    ]
}); };

export const duplicateName1Options = (options?: Options) => { return queryOptions({
    queryFn: async ({ queryKey }) => {
        const { data } = await duplicateName1({
            ...options,
            ...queryKey[0].params,
            throwOnError: true
        });
        return data;
    },
    queryKey: [
        {
            scope: 'duplicateName1',
            params: {
                body: options?.body,
                headers: options?.headers,
                path: options?.path,
                query: options?.query
            }
        }
    ]
}); };

export const duplicateName2Options = (options?: Options) => { return queryOptions({
    queryFn: async ({ queryKey }) => {
        const { data } = await duplicateName2({
            ...options,
            ...queryKey[0].params,
            throwOnError: true
        });
        return data;
    },
    queryKey: [
        {
            scope: 'duplicateName2',
            params: {
                body: options?.body,
                headers: options?.headers,
                path: options?.path,
                query: options?.query
            }
        }
    ]
}); };

export const duplicateName3Options = (options?: Options) => { return queryOptions({
    queryFn: async ({ queryKey }) => {
        const { data } = await duplicateName3({
            ...options,
            ...queryKey[0].params,
            throwOnError: true
        });
        return data;
    },
    queryKey: [
        {
            scope: 'duplicateName3',
            params: {
                body: options?.body,
                headers: options?.headers,
                path: options?.path,
                query: options?.query
            }
        }
    ]
}); };

export const callWithNoContentResponseOptions = (options?: Options) => { return queryOptions({
    queryFn: async ({ queryKey }) => {
        const { data } = await callWithNoContentResponse({
            ...options,
            ...queryKey[0].params,
            throwOnError: true
        });
        return data;
    },
    queryKey: [
        {
            scope: 'callWithNoContentResponse',
            params: {
                body: options?.body,
                headers: options?.headers,
                path: options?.path,
                query: options?.query
            }
        }
    ]
}); };

export const callWithResponseAndNoContentResponseOptions = (options?: Options) => { return queryOptions({
    queryFn: async ({ queryKey }) => {
        const { data } = await callWithResponseAndNoContentResponse({
            ...options,
            ...queryKey[0].params,
            throwOnError: true
        });
        return data;
    },
    queryKey: [
        {
            scope: 'callWithResponseAndNoContentResponse',
            params: {
                body: options?.body,
                headers: options?.headers,
                path: options?.path,
                query: options?.query
            }
        }
    ]
}); };

export const dummyAOptions = (options?: Options) => { return queryOptions({
    queryFn: async ({ queryKey }) => {
        const { data } = await dummyA({
            ...options,
            ...queryKey[0].params,
            throwOnError: true
        });
        return data;
    },
    queryKey: [
        {
            scope: 'dummyA',
            params: {
                body: options?.body,
                headers: options?.headers,
                path: options?.path,
                query: options?.query
            }
        }
    ]
}); };

export const dummyBOptions = (options?: Options) => { return queryOptions({
    queryFn: async ({ queryKey }) => {
        const { data } = await dummyB({
            ...options,
            ...queryKey[0].params,
            throwOnError: true
        });
        return data;
    },
    queryKey: [
        {
            scope: 'dummyB',
            params: {
                body: options?.body,
                headers: options?.headers,
                path: options?.path,
                query: options?.query
            }
        }
    ]
}); };

export const callWithResponseOptions = (options?: Options) => { return queryOptions({
    queryFn: async ({ queryKey }) => {
        const { data } = await callWithResponse({
            ...options,
            ...queryKey[0].params,
            throwOnError: true
        });
        return data;
    },
    queryKey: [
        {
            scope: 'callWithResponse',
            params: {
                body: options?.body,
                headers: options?.headers,
                path: options?.path,
                query: options?.query
            }
        }
    ]
}); };

export const callWithDuplicateResponsesOptions = (options?: Options) => { return queryOptions({
    queryFn: async ({ queryKey }) => {
        const { data } = await callWithDuplicateResponses({
            ...options,
            ...queryKey[0].params,
            throwOnError: true
        });
        return data;
    },
    queryKey: [
        {
            scope: 'callWithDuplicateResponses',
            params: {
                body: options?.body,
                headers: options?.headers,
                path: options?.path,
                query: options?.query
            }
        }
    ]
}); };

export const callWithResponsesOptions = (options?: Options) => { return queryOptions({
    queryFn: async ({ queryKey }) => {
        const { data } = await callWithResponses({
            ...options,
            ...queryKey[0].params,
            throwOnError: true
        });
        return data;
    },
    queryKey: [
        {
            scope: 'callWithResponses',
            params: {
                body: options?.body,
                headers: options?.headers,
                path: options?.path,
                query: options?.query
            }
        }
    ]
}); };

export const collectionFormatOptions = (options: Options<CollectionFormatData>) => { return queryOptions({
    queryFn: async ({ queryKey }) => {
        const { data } = await collectionFormat({
            ...options,
            ...queryKey[0].params,
            throwOnError: true
        });
        return data;
    },
    queryKey: [
        {
            scope: 'collectionFormat',
            params: {
                body: options.body,
                headers: options.headers,
                path: options.path,
                query: options.query
            }
        }
    ]
}); };

export const typesOptions = (options: Options<TypesData>) => { return queryOptions({
    queryFn: async ({ queryKey }) => {
        const { data } = await types({
            ...options,
            ...queryKey[0].params,
            throwOnError: true
        });
        return data;
    },
    queryKey: [
        {
            scope: 'types',
            params: {
                body: options.body,
                headers: options.headers,
                path: options.path,
                query: options.query
            }
        }
    ]
}); };

export const uploadFileOptions = (options: Options<UploadFileData>) => { return queryOptions({
    queryFn: async ({ queryKey }) => {
        const { data } = await uploadFile({
            ...options,
            ...queryKey[0].params,
            throwOnError: true
        });
        return data;
    },
    queryKey: [
        {
            scope: 'uploadFile',
            params: {
                body: options.body,
                headers: options.headers,
                path: options.path,
                query: options.query
            }
        }
    ]
}); };

export const fileResponseOptions = (options: Options<FileResponseData>) => { return queryOptions({
    queryFn: async ({ queryKey }) => {
        const { data } = await fileResponse({
            ...options,
            ...queryKey[0].params,
            throwOnError: true
        });
        return data;
    },
    queryKey: [
        {
            scope: 'fileResponse',
            params: {
                body: options.body,
                headers: options.headers,
                path: options.path,
                query: options.query
            }
        }
    ]
}); };

export const complexTypesOptions = (options: Options<ComplexTypesData>) => { return queryOptions({
    queryFn: async ({ queryKey }) => {
        const { data } = await complexTypes({
            ...options,
            ...queryKey[0].params,
            throwOnError: true
        });
        return data;
    },
    queryKey: [
        {
            scope: 'complexTypes',
            params: {
                body: options.body,
                headers: options.headers,
                path: options.path,
                query: options.query
            }
        }
    ]
}); };

export const multipartRequestOptions = (options?: Options<MultipartRequestData>) => { return queryOptions({
    queryFn: async ({ queryKey }) => {
        const { data } = await multipartRequest({
            ...options,
            ...queryKey[0].params,
            throwOnError: true
        });
        return data;
    },
    queryKey: [
        {
            scope: 'multipartRequest',
            params: {
                body: options?.body,
                headers: options?.headers,
                path: options?.path,
                query: options?.query
            }
        }
    ]
}); };

export const multipartResponseOptions = (options?: Options) => { return queryOptions({
    queryFn: async ({ queryKey }) => {
        const { data } = await multipartResponse({
            ...options,
            ...queryKey[0].params,
            throwOnError: true
        });
        return data;
    },
    queryKey: [
        {
            scope: 'multipartResponse',
            params: {
                body: options?.body,
                headers: options?.headers,
                path: options?.path,
                query: options?.query
            }
        }
    ]
}); };

export const complexParamsOptions = (options: Options<ComplexParamsData>) => { return queryOptions({
    queryFn: async ({ queryKey }) => {
        const { data } = await complexParams({
            ...options,
            ...queryKey[0].params,
            throwOnError: true
        });
        return data;
    },
    queryKey: [
        {
            scope: 'complexParams',
            params: {
                body: options.body,
                headers: options.headers,
                path: options.path,
                query: options.query
            }
        }
    ]
}); };

export const callWithResultFromHeaderOptions = (options?: Options) => { return queryOptions({
    queryFn: async ({ queryKey }) => {
        const { data } = await callWithResultFromHeader({
            ...options,
            ...queryKey[0].params,
            throwOnError: true
        });
        return data;
    },
    queryKey: [
        {
            scope: 'callWithResultFromHeader',
            params: {
                body: options?.body,
                headers: options?.headers,
                path: options?.path,
                query: options?.query
            }
        }
    ]
}); };

export const testErrorCodeOptions = (options: Options<TestErrorCodeData>) => { return queryOptions({
    queryFn: async ({ queryKey }) => {
        const { data } = await testErrorCode({
            ...options,
            ...queryKey[0].params,
            throwOnError: true
        });
        return data;
    },
    queryKey: [
        {
            scope: 'testErrorCode',
            params: {
                body: options.body,
                headers: options.headers,
                path: options.path,
                query: options.query
            }
        }
    ]
}); };

export const nonAsciiæøåÆøÅöôêÊ字符串Options = (options: Options<NonAsciiæøåÆøÅöôêÊ字符串Data>) => { return queryOptions({
    queryFn: async ({ queryKey }) => {
        const { data } = await nonAsciiæøåÆøÅöôêÊ字符串({
            ...options,
            ...queryKey[0].params,
            throwOnError: true
        });
        return data;
    },
    queryKey: [
        {
            scope: 'nonAsciiæøåÆøÅöôêÊ字符串',
            params: {
                body: options.body,
                headers: options.headers,
                path: options.path,
                query: options.query
            }
        }
    ]
}); };

export const putWithFormUrlEncodedOptions = (options: Options<PutWithFormUrlEncodedData>) => { return queryOptions({
    queryFn: async ({ queryKey }) => {
        const { data } = await putWithFormUrlEncoded({
            ...options,
            ...queryKey[0].params,
            throwOnError: true
        });
        return data;
    },
    queryKey: [
        {
            scope: 'putWithFormUrlEncoded',
            params: {
                body: options.body,
                headers: options.headers,
                path: options.path,
                query: options.query
            }
        }
    ]
}); };