export { ApiError } from './core/ApiError';
export { CancelablePromise, CancelError } from './core/CancelablePromise';
export { OpenAPI } from './core/OpenAPI';
export type { OpenAPIConfig } from './core/OpenAPI';

export type { ModelWithString } from './models/ModelWithString';

export { DefaultsService } from './services/DefaultsService';
