import { Injectable } from '@angular/core';
import { HttpClient } from '@angular/common/http';
import type { Observable } from 'rxjs';
import type { NonAsciiStringæøåÆØÅöôêÊ字符串 } from '../models/NonAsciiStringæøåÆØÅöôêÊ字符串';
import { OpenAPI } from '../core/OpenAPI';
import { request as __request } from '../core/request';

export type TDataNonAsciiæøåÆøÅöôêÊ字符串 = {
    /**
     * Dummy input param
     */
    nonAsciiParamæøåÆøÅöôêÊ: number;
};

@Injectable({
    providedIn: 'root',
})
export class NonAsciiÆøåÆøÅöôêÊService {
    constructor(public readonly http: HttpClient) {}

    /**
     * @returns NonAsciiStringæøåÆØÅöôêÊ字符串 Successful response
     * @throws ApiError
     */
    public nonAsciiæøåÆøÅöôêÊ字符串(
        data: TDataNonAsciiæøåÆøÅöôêÊ字符串
    ): Observable<Array<NonAsciiStringæøåÆØÅöôêÊ字符串>> {
        const { nonAsciiParamæøåÆøÅöôêÊ } = data;
        return __request(OpenAPI, this.http, {
            method: 'POST',
            url: '/api/v{api-version}/non-ascii-æøåÆØÅöôêÊ字符串',
            query: {
                nonAsciiParamæøåÆØÅöôêÊ: nonAsciiParamæøåÆøÅöôêÊ,
            },
        });
    }
}
