export type { ModelWithString } from './ModelWithString';
