export const $CompositionWithOneOfDiscriminator_WIP = { type: "one-of", description: This is a model with one property with a 'one of' relationship where the options are not $ref, contains: (export { ApiError } from './core/ApiError';
export { CancelablePromise, CancelError } from './core/CancelablePromise';
export { OpenAPI, type OpenAPIConfig } from './core/OpenAPI';