export type { CommentWithBreaks } from './CommentWithBreaks';
export type { CommentWithBackticks } from './CommentWithBackticks';
export type { CommentWithSlashes } from './CommentWithSlashes';
export type { CommentWithExpressionPlaceholders } from './CommentWithExpressionPlaceholders';
export type { CommentWithQuotes } from './CommentWithQuotes';
export type { CommentWithReservedCharacters } from './CommentWithReservedCharacters';
export type { SimpleInteger } from './SimpleInteger';
export type { SimpleBoolean } from './SimpleBoolean';
export type { SimpleString } from './SimpleString';
export type { NonAsciiStringæøåÆØÅöôêÊ字符串 } from './NonAsciiStringæøåÆØÅöôêÊ字符串';
export type { SimpleFile } from './SimpleFile';
export type { SimpleReference } from './SimpleReference';
export type { SimpleStringWithPattern } from './SimpleStringWithPattern';
export type { EnumWithStrings } from './EnumWithStrings';
export { EnumWithStringsEnum } from './EnumWithStrings';
export type { EnumWithReplacedCharacters } from './EnumWithReplacedCharacters';
export { EnumWithReplacedCharactersEnum } from './EnumWithReplacedCharacters';
export type { EnumWithNumbers } from './EnumWithNumbers';
export { EnumWithNumbersEnum } from './EnumWithNumbers';
export type { EnumFromDescription } from './EnumFromDescription';
export type { EnumWithExtensions } from './EnumWithExtensions';
export { EnumWithExtensionsEnum } from './EnumWithExtensions';
export type { ArrayWithNumbers } from './ArrayWithNumbers';
export type { ArrayWithBooleans } from './ArrayWithBooleans';
export type { ArrayWithStrings } from './ArrayWithStrings';
export type { ArrayWithReferences } from './ArrayWithReferences';
export type { ArrayWithArray } from './ArrayWithArray';
export type { ArrayWithProperties } from './ArrayWithProperties';
export type { ArrayWithAnyOfProperties } from './ArrayWithAnyOfProperties';
export type { AnyOfAnyAndNull } from './AnyOfAnyAndNull';
export type { AnyOfArrays } from './AnyOfArrays';
export type { DictionaryWithString } from './DictionaryWithString';
export type { DictionaryWithReference } from './DictionaryWithReference';
export type { DictionaryWithArray } from './DictionaryWithArray';
export type { DictionaryWithDictionary } from './DictionaryWithDictionary';
export type { DictionaryWithProperties } from './DictionaryWithProperties';
export type { ModelWithInteger } from './ModelWithInteger';
export type { ModelWithBoolean } from './ModelWithBoolean';
export type { ModelWithString } from './ModelWithString';
export type { ModelWithNullableString } from './ModelWithNullableString';
export type { ModelWithEnum } from './ModelWithEnum';
export { TestEnum, StatusCodeEnum } from './ModelWithEnum';
export type { ModelWithEnumWithHyphen } from './ModelWithEnumWithHyphen';
export { FooBarBazQuxEnum } from './ModelWithEnumWithHyphen';
export type { ModelWithEnumFromDescription } from './ModelWithEnumFromDescription';
export type { ModelWithNestedEnums } from './ModelWithNestedEnums';
export type { ModelWithReference } from './ModelWithReference';
export type { ModelWithArrayReadOnlyAndWriteOnly } from './ModelWithArrayReadOnlyAndWriteOnly';
export type { ModelWithArray } from './ModelWithArray';
export type { ModelWithDictionary } from './ModelWithDictionary';
export type { DeprecatedModel } from './DeprecatedModel';
export type { ModelWithCircularReference } from './ModelWithCircularReference';
export type { CompositionWithOneOf } from './CompositionWithOneOf';
export type { CompositionWithOneOfAnonymous } from './CompositionWithOneOfAnonymous';
export type { ModelCircle } from './ModelCircle';
export type { ModelSquare } from './ModelSquare';
export type { CompositionWithOneOfDiscriminator } from './CompositionWithOneOfDiscriminator';
export type { CompositionWithAnyOf } from './CompositionWithAnyOf';
export type { CompositionWithAnyOfAnonymous } from './CompositionWithAnyOfAnonymous';
export type { CompositionWithNestedAnyAndTypeNull } from './CompositionWithNestedAnyAndTypeNull';
export type { Enum1 } from './Enum1';
export { Enum1Enum } from './Enum1';
export type { ConstValue } from './ConstValue';
export type { CompositionWithNestedAnyOfAndNull } from './CompositionWithNestedAnyOfAndNull';
export type { CompositionWithOneOfAndNullable } from './CompositionWithOneOfAndNullable';
export type { CompositionWithOneOfAndSimpleDictionary } from './CompositionWithOneOfAndSimpleDictionary';
export type { CompositionWithOneOfAndSimpleArrayDictionary } from './CompositionWithOneOfAndSimpleArrayDictionary';
export type { CompositionWithOneOfAndComplexArrayDictionary } from './CompositionWithOneOfAndComplexArrayDictionary';
export type { CompositionWithAllOfAndNullable } from './CompositionWithAllOfAndNullable';
export type { CompositionWithAnyOfAndNullable } from './CompositionWithAnyOfAndNullable';
export type { CompositionBaseModel } from './CompositionBaseModel';
export type { CompositionExtendedModel } from './CompositionExtendedModel';
export type { ModelWithProperties } from './ModelWithProperties';
export type { ModelWithNestedProperties } from './ModelWithNestedProperties';
export type { ModelWithDuplicateProperties } from './ModelWithDuplicateProperties';
export type { ModelWithOrderedProperties } from './ModelWithOrderedProperties';
export type { ModelWithDuplicateImports } from './ModelWithDuplicateImports';
export type { ModelThatExtends } from './ModelThatExtends';
export type { ModelThatExtendsExtends } from './ModelThatExtendsExtends';
export type { ModelWithPattern } from './ModelWithPattern';
export type { File } from './File';
export type { _default } from './_default';
export type { Pageable } from './Pageable';
export type { FreeFormObjectWithoutAdditionalProperties } from './FreeFormObjectWithoutAdditionalProperties';
export type { FreeFormObjectWithAdditionalPropertiesEqTrue } from './FreeFormObjectWithAdditionalPropertiesEqTrue';
export type { FreeFormObjectWithAdditionalPropertiesEqEmptyObject } from './FreeFormObjectWithAdditionalPropertiesEqEmptyObject';
export type { ModelWithConst } from './ModelWithConst';
export type { ModelWithAdditionalPropertiesEqTrue } from './ModelWithAdditionalPropertiesEqTrue';
export type { NestedAnyOfArraysNullable } from './NestedAnyOfArraysNullable';
export type { CompositionWithOneOfAndProperties } from './CompositionWithOneOfAndProperties';
export type { NullableObject } from './NullableObject';
export type { ModelWithNullableObject } from './ModelWithNullableObject';
export type { ModelWithOneOfEnum } from './ModelWithOneOfEnum';
export { FooEnum } from './ModelWithOneOfEnum';
export type { ModelWithNestedArrayEnumsDataFoo } from './ModelWithNestedArrayEnumsDataFoo';
export { ModelWithNestedArrayEnumsDataFooEnum } from './ModelWithNestedArrayEnumsDataFoo';
export type { ModelWithNestedArrayEnumsDataBar } from './ModelWithNestedArrayEnumsDataBar';
export { ModelWithNestedArrayEnumsDataBarEnum } from './ModelWithNestedArrayEnumsDataBar';
export type { ModelWithNestedArrayEnumsData } from './ModelWithNestedArrayEnumsData';
export type { ModelWithNestedArrayEnums } from './ModelWithNestedArrayEnums';
export type { ModelWithNestedCompositionEnums } from './ModelWithNestedCompositionEnums';
export type { ModelWithReadOnlyAndWriteOnly } from './ModelWithReadOnlyAndWriteOnly';
export type { SimpleParameter } from './SimpleParameter';
