export type { _default } from './_default';
export type { ArrayWithArray } from './ArrayWithArray';
export type { ArrayWithBooleans } from './ArrayWithBooleans';
export type { ArrayWithNumbers } from './ArrayWithNumbers';
export type { ArrayWithProperties } from './ArrayWithProperties';
export type { ArrayWithReferences } from './ArrayWithReferences';
export type { ArrayWithStrings } from './ArrayWithStrings';
export type { CommentWithBackticks } from './CommentWithBackticks';
export type { CommentWithBreaks } from './CommentWithBreaks';
export type { CommentWithExpressionPlaceholders } from './CommentWithExpressionPlaceholders';
export type { CommentWithQuotes } from './CommentWithQuotes';
export type { CommentWithReservedCharacters } from './CommentWithReservedCharacters';
export type { CommentWithSlashes } from './CommentWithSlashes';
export type { Date } from './Date';
export type { DictionaryWithArray } from './DictionaryWithArray';
export type { DictionaryWithDictionary } from './DictionaryWithDictionary';
export type { DictionaryWithProperties } from './DictionaryWithProperties';
export type { DictionaryWithReference } from './DictionaryWithReference';
export type { DictionaryWithString } from './DictionaryWithString';
export type { EnumFromDescription } from './EnumFromDescription';
export type { EnumWithExtensions } from './EnumWithExtensions';
export { EnumWithExtensionsEnum } from './EnumWithExtensions';
export type { EnumWithNumbers } from './EnumWithNumbers';
export { EnumWithNumbersEnum } from './EnumWithNumbers';
export type { EnumWithStrings } from './EnumWithStrings';
export { EnumWithStringsEnum } from './EnumWithStrings';
export type { ModelThatExtends } from './ModelThatExtends';
export type { ModelThatExtendsExtends } from './ModelThatExtendsExtends';
export type { ModelWithArray } from './ModelWithArray';
export type { ModelWithBoolean } from './ModelWithBoolean';
export type { ModelWithCircularReference } from './ModelWithCircularReference';
export type { ModelWithDictionary } from './ModelWithDictionary';
export type { ModelWithDuplicateImports } from './ModelWithDuplicateImports';
export type { ModelWithDuplicateProperties } from './ModelWithDuplicateProperties';
export type { ModelWithEnum } from './ModelWithEnum';
export { TestEnum, StatusCodeEnum } from './ModelWithEnum';
export type { ModelWithEnumFromDescription } from './ModelWithEnumFromDescription';
export type { ModelWithInteger } from './ModelWithInteger';
export type { ModelWithNestedEnums } from './ModelWithNestedEnums';
export type { ModelWithNestedProperties } from './ModelWithNestedProperties';
export type { ModelWithNullableString } from './ModelWithNullableString';
export type { ModelWithOrderedProperties } from './ModelWithOrderedProperties';
export type { ModelWithPattern } from './ModelWithPattern';
export type { ModelWithProperties } from './ModelWithProperties';
export type { ModelWithReference } from './ModelWithReference';
export type { ModelWithString } from './ModelWithString';
export type { NonAsciiStringæøåÆØÅöôêÊ字符串 } from './NonAsciiStringæøåÆØÅöôêÊ字符串';
export type { SimpleBoolean } from './SimpleBoolean';
export type { SimpleFile } from './SimpleFile';
export type { SimpleInteger } from './SimpleInteger';
export type { SimpleReference } from './SimpleReference';
export type { SimpleString } from './SimpleString';
export type { SimpleStringWithPattern } from './SimpleStringWithPattern';
