// This file is auto-generated by @hey-api/openapi-ts

import type { CancelablePromise } from './core/CancelablePromise';
import type { BaseHttpRequest } from './core/BaseHttpRequest';
import { ModelWithDatesResponse, ModelWithDatesArrayResponse, type ArrayOfDatesResponse, type DateResponse } from './types.gen';

export class DefaultService {
    constructor(public readonly httpRequest: BaseHttpRequest) { }
    
    /**
     * @returns ModelWithDates Success
     * @throws ApiError
     */
    public modelWithDates(): CancelablePromise<ModelWithDatesResponse> {
        return this.httpRequest.request({
            method: 'PUT',
            url: '/api/model-with-dates',
            responseTransformer: ModelWithDatesResponse
        });
    }
    
    /**
     * @returns ModelWithDates Success
     * @throws ApiError
     */
    public modelWithDatesArray(): CancelablePromise<ModelWithDatesArrayResponse> {
        return this.httpRequest.request({
            method: 'PUT',
            url: '/api/model-with-dates-array',
            responseTransformer: ModelWithDatesArrayResponse
        });
    }
    
    /**
     * @returns string Success
     * @throws ApiError
     */
    public arrayOfDates(): CancelablePromise<ArrayOfDatesResponse> {
        return this.httpRequest.request({
            method: 'PUT',
            url: '/api/array-of-dates'
        });
    }
    
    /**
     * @returns string Success
     * @throws ApiError
     */
    public date(): CancelablePromise<DateResponse> {
        return this.httpRequest.request({
            method: 'PUT',
            url: '/api/date'
        });
    }
    
}