// This file is auto-generated by @hey-api/openapi-ts

import type { CancelablePromise } from './core/CancelablePromise';
import { OpenAPI } from './core/OpenAPI';
import { request as __request } from './core/request';
import type { $OpenApiTs } from './types.gen';

export class DefaultsService {
  /**
   * @throws ApiError
   */
  public static callWithDefaultParameters(
    data: $OpenApiTs['/api/v{api-version}/defaults']['get']['req'] = {},
  ): CancelablePromise<void> {
    const {
      parameterString,
      parameterNumber,
      parameterBoolean,
      parameterEnum,
      parameterModel,
    } = data;
    return __request(OpenAPI, {
      method: 'GET',
      url: '/api/v{api-version}/defaults',
      query: {
        parameterString,
        parameterNumber,
        parameterBoolean,
        parameterEnum,
        parameterModel,
      },
    });
  }

  /**
   * @throws ApiError
   */
  public static callWithDefaultOptionalParameters(
    data: $OpenApiTs['/api/v{api-version}/defaults']['post']['req'] = {},
  ): CancelablePromise<void> {
    const {
      parameterString,
      parameterNumber,
      parameterBoolean,
      parameterEnum,
      parameterModel,
    } = data;
    return __request(OpenAPI, {
      method: 'POST',
      url: '/api/v{api-version}/defaults',
      query: {
        parameterString,
        parameterNumber,
        parameterBoolean,
        parameterEnum,
        parameterModel,
      },
    });
  }

  /**
   * @throws ApiError
   */
  public static callToTestOrderOfParams(
    data: $OpenApiTs['/api/v{api-version}/defaults']['put']['req'],
  ): CancelablePromise<void> {
    const {
      parameterStringWithNoDefault,
      parameterOptionalStringWithDefault,
      parameterOptionalStringWithEmptyDefault,
      parameterOptionalStringWithNoDefault,
      parameterStringWithDefault,
      parameterStringWithEmptyDefault,
      parameterStringNullableWithNoDefault,
      parameterStringNullableWithDefault,
    } = data;
    return __request(OpenAPI, {
      method: 'PUT',
      url: '/api/v{api-version}/defaults',
      query: {
        parameterOptionalStringWithDefault,
        parameterOptionalStringWithEmptyDefault,
        parameterOptionalStringWithNoDefault,
        parameterStringWithDefault,
        parameterStringWithEmptyDefault,
        parameterStringWithNoDefault,
        parameterStringNullableWithNoDefault,
        parameterStringNullableWithDefault,
      },
    });
  }
}
