import type { CancelablePromise } from './core/CancelablePromise';
import { OpenAPI } from './core/OpenAPI';
import { request as __request } from './core/request';
import type { DefaultsData } from './models';

export class DefaultsService {
    /**
     * @throws ApiError
     */
    public static callWithDefaultParameters(
        data: DefaultsData['payloads']['CallWithDefaultParameters'] = {}
    ): CancelablePromise<DefaultsData['responses']['CallWithDefaultParameters']> {
        const { parameterString, parameterNumber, parameterBoolean, parameterEnum, parameterModel } = data;
        return __request(OpenAPI, {
            method: 'GET',
            url: '/api/v{api-version}/defaults',
            query: {
                parameterString,
                parameterNumber,
                parameterBoolean,
                parameterEnum,
                parameterModel,
            },
        });
    }

    /**
     * @throws ApiError
     */
    public static callWithDefaultOptionalParameters(
        data: DefaultsData['payloads']['CallWithDefaultOptionalParameters'] = {}
    ): CancelablePromise<DefaultsData['responses']['CallWithDefaultOptionalParameters']> {
        const { parameterString, parameterNumber, parameterBoolean, parameterEnum, parameterModel } = data;
        return __request(OpenAPI, {
            method: 'POST',
            url: '/api/v{api-version}/defaults',
            query: {
                parameterString,
                parameterNumber,
                parameterBoolean,
                parameterEnum,
                parameterModel,
            },
        });
    }

    /**
     * @throws ApiError
     */
    public static callToTestOrderOfParams(
        data: DefaultsData['payloads']['CallToTestOrderOfParams']
    ): CancelablePromise<DefaultsData['responses']['CallToTestOrderOfParams']> {
        const {
            parameterStringWithNoDefault,
            parameterOptionalStringWithDefault,
            parameterOptionalStringWithEmptyDefault,
            parameterOptionalStringWithNoDefault,
            parameterStringWithDefault,
            parameterStringWithEmptyDefault,
            parameterStringNullableWithNoDefault,
            parameterStringNullableWithDefault,
        } = data;
        return __request(OpenAPI, {
            method: 'PUT',
            url: '/api/v{api-version}/defaults',
            query: {
                parameterOptionalStringWithDefault,
                parameterOptionalStringWithEmptyDefault,
                parameterOptionalStringWithNoDefault,
                parameterStringWithDefault,
                parameterStringWithEmptyDefault,
                parameterStringWithNoDefault,
                parameterStringNullableWithNoDefault,
                parameterStringNullableWithDefault,
            },
        });
    }
}
